---
- council_reference: '0159/21DM'
  description: S4.55 (2) - Development Modification
  date_received: '2021-05-06'
  address: 69 SAWTELL ROAD, TOORMINA NSW 2452
  date_scraped: '2019-05-15'
  info_url: https://chcc-icon.saas.t1cloud.com/public/Pages/xc.Track/SearchApplication.aspx?id=306689
- council_reference: 0160/21DM
  description: demolition of existing shed, construction of new single storey shed
    with carport attached on a concrete slab
  date_received: '2021-05-06'
  address: 21 MASTONS ROAD, KARANGI NSW 2450
  date_scraped: '2019-05-15'
  info_url: https://chcc-icon.saas.t1cloud.com/public/Pages/xc.Track/SearchApplication.aspx?id=306690
- council_reference: 0162/21DM
  description: S4.55(1A) - Removal of condition 9 and 13
  date_received: '2021-05-09'
  address: 110 NORTH ISLAND LOOP ROAD, UPPER ORARA NSW 2450
  date_scraped: '2019-05-15'
  info_url: https://chcc-icon.saas.t1cloud.com/public/Pages/xc.Track/SearchApplication.aspx?id=306842
- council_reference: 0164/21DM
  description: S4.55(2) Modification - Garage, Studio and Outdoor Alfresco Additions
  date_received: '2021-05-10'
  address: 70 SOUTH BOAMBEE ROAD, BOAMBEE NSW 2450
  date_scraped: '2019-05-15'
  info_url: https://chcc-icon.saas.t1cloud.com/public/Pages/xc.Track/SearchApplication.aspx?id=306980
- council_reference: 0165/21DM
  description: dwelling additions and alterations
  date_received: '2021-05-12'
  address: 167 OLD BUCCA ROAD, MOONEE BEACH NSW 2450
  date_scraped: '2019-05-15'
  info_url: https://chcc-icon.saas.t1cloud.com/public/Pages/xc.Track/SearchApplication.aspx?id=307204
- council_reference: 0166/21DM
  description: S4.55 ( 1) - Moving The Swimming Pool 300mm
  date_received: '2021-05-13'
  address: 7 SUNSHINE CIRCUIT, EMERALD BEACH NSW 2456
  date_scraped: '2019-05-15'
  info_url: https://chcc-icon.saas.t1cloud.com/public/Pages/xc.Track/SearchApplication.aspx?id=307270
- council_reference: 0167/21DM
  description: S4.55 (1a) Modification Size and changes to Internal Walls
  date_received: '2021-05-13'
  address: 17 CIRCULAR AVENUE, SAWTELL NSW 2452
  date_scraped: '2019-05-15'
  info_url: https://chcc-icon.saas.t1cloud.com/public/Pages/xc.Track/SearchApplication.aspx?id=307296
- council_reference: 1003/21DA
  description: Change of Use from 'Office associated with Recreation Facility' to
    Home Business
  date_received: '2021-05-05'
  address: 44 STROUDS ROAD, BONVILLE NSW 2450
  date_scraped: '2019-05-15'
  info_url: https://chcc-icon.saas.t1cloud.com/public/Pages/xc.Track/SearchApplication.aspx?id=306574
- council_reference: 1005/21DA
  description: Construction of a steel shed on concrete slab.
  date_received: '2021-05-06'
  address: 32 LAKE RUSSELL DRIVE, EMERALD BEACH NSW 2456
  date_scraped: '2019-05-15'
  info_url: https://chcc-icon.saas.t1cloud.com/public/Pages/xc.Track/SearchApplication.aspx?id=306738
- council_reference: 1007/21DA
  description: The proposal includes the conversion of part of the roof space into
    a recordings studio plus the addition of a street facing awning.
  date_received: '2021-05-07'
  address: 167 - 169 ORLANDO STREET, COFFS HARBOUR NSW 2450
  date_scraped: '2019-05-15'
  info_url: https://chcc-icon.saas.t1cloud.com/public/Pages/xc.Track/SearchApplication.aspx?id=306756
- council_reference: 1010/21DA
  description: Extension of living area and new covered patio
  date_received: '2021-05-07'
  address: 8 STINGRAY CREEK ROAD, MOONEE BEACH NSW 2450
  date_scraped: '2019-05-15'
  info_url: https://chcc-icon.saas.t1cloud.com/public/Pages/xc.Track/SearchApplication.aspx?id=306771
- council_reference: 1011/21DA
  description: Continued of converstion of garage to two bedrooms and new attached
    awning and carport
  date_received: '2021-05-07'
  address: 25 MASONARY ROAD, NORTH BOAMBEE VALLEY NSW 2450
  date_scraped: '2019-05-15'
  info_url: https://chcc-icon.saas.t1cloud.com/public/Pages/xc.Track/SearchApplication.aspx?id=306815
- council_reference: 1012/21DA
  description: Conversion of carport to garage
  date_received: '2021-05-07'
  address: 8 GODWIN CLOSE, COFFS HARBOUR NSW 2450
  date_scraped: '2019-05-15'
  info_url: https://chcc-icon.saas.t1cloud.com/public/Pages/xc.Track/SearchApplication.aspx?id=306831
- council_reference: 1013/21DA
  description: Steel Portal Frame Structure 8m span x 8m long, consisting of 2 bays
    at 4m spacing, attached to rear of house.
  date_received: '2021-05-07'
  address: 15 LORIKEET AVENUE, BOAMBEE EAST NSW 2452
  date_scraped: '2019-05-15'
  info_url: https://chcc-icon.saas.t1cloud.com/public/Pages/xc.Track/SearchApplication.aspx?id=306836
- council_reference: 1014/21DA
  description: Inground swimming pool & landscaping
  date_received: '2021-05-08'
  address: 1 KNOLL PLACE, COFFS HARBOUR NSW 2450
  date_scraped: '2019-05-15'
  info_url: https://chcc-icon.saas.t1cloud.com/public/Pages/xc.Track/SearchApplication.aspx?id=306837
- council_reference: 1015/21DA
  description: inground fibreglass pool and landscaping
  date_received: '2021-05-08'
  address: 9 ALEXANDRA COURT, SAWTELL NSW 2452
  date_scraped: '2019-05-15'
  info_url: https://chcc-icon.saas.t1cloud.com/public/Pages/xc.Track/SearchApplication.aspx?id=306838
- council_reference: 1016/21DA
  description: New construction of Timber deck with roof
  date_received: '2021-05-10'
  address: 26 A BREAKERS WAY, KORORA NSW 2450
  date_scraped: '2019-05-15'
  info_url: https://chcc-icon.saas.t1cloud.com/public/Pages/xc.Track/SearchApplication.aspx?id=306843
- council_reference: 1018/21DA
  description: Swimming Pool
  date_received: '2021-05-10'
  address: 14 ANDERTON STREET, COFFS HARBOUR NSW 2450
  date_scraped: '2019-05-15'
  info_url: https://chcc-icon.saas.t1cloud.com/public/Pages/xc.Track/SearchApplication.aspx?id=306912
- council_reference: 1019/21DA
  description: Construction of single storey 2 bedroom residential dwelling
  date_received: '2021-05-10'
  address: 25 CAVANAGHS ROAD, LOWANNA NSW 2450
  date_scraped: '2019-05-15'
  info_url: https://chcc-icon.saas.t1cloud.com/public/Pages/xc.Track/SearchApplication.aspx?id=306969
- council_reference: 1020/21DA
  description: secondary dwelling
  date_received: '2021-05-11'
  address: 6 LIGHTS STREET, EMERALD BEACH NSW 2456
  date_scraped: '2019-05-15'
  info_url: https://chcc-icon.saas.t1cloud.com/public/Pages/xc.Track/SearchApplication.aspx?id=307003
- council_reference: 1021/21DA
  description: Steel Shed with Concrete slab
  date_received: '2021-05-11'
  address: 12 LACHLAN DEW CLOSE, NANA GLEN NSW 2450
  date_scraped: '2019-05-15'
  info_url: https://chcc-icon.saas.t1cloud.com/public/Pages/xc.Track/SearchApplication.aspx?id=307012
- council_reference: 1022/21DA
  description: PATIO TO EXISTING SLAB
  date_received: '2021-05-11'
  address: 4 TULIPWOOD CLOSE, COFFS HARBOUR NSW 2450
  date_scraped: '2019-05-15'
  info_url: https://chcc-icon.saas.t1cloud.com/public/Pages/xc.Track/SearchApplication.aspx?id=307030
- council_reference: 1023/21DA
  description: Additions & Renovations to existing residence and construction of a
    Granny Flat
  date_received: '2021-05-11'
  address: 36 NIGHTINGALE STREET, WOOLGOOLGA NSW 2456
  date_scraped: '2019-05-15'
  info_url: https://chcc-icon.saas.t1cloud.com/public/Pages/xc.Track/SearchApplication.aspx?id=307038
- council_reference: 1025/21DA
  description: Installation of 13,700ltr plunge pool & filtration equipment, side
    access for trailer parking with driveway, extend patio area, pathways
  date_received: '2021-05-11'
  address: 2 HUMPBACK CRESCENT, SAFETY BEACH NSW 2456
  date_scraped: '2019-05-15'
  info_url: https://chcc-icon.saas.t1cloud.com/public/Pages/xc.Track/SearchApplication.aspx?id=307092
- council_reference: 1026/21DA
  description: SILK LASER CLINICS currently exists in Shop 2 Park Beach Plaza and
    is undergoing some expansion plans to increase our capacity. We are increasing
    from from 5 treatments rooms to 9 and increasing our staff training facilities
    and retail space. Creating a new space and upgrading existing clinic
  date_received: '2021-05-11'
  address: 253 PACIFIC HIGHWAY NORTH, COFFS HARBOUR NSW 2450
  date_scraped: '2019-05-15'
  info_url: https://chcc-icon.saas.t1cloud.com/public/Pages/xc.Track/SearchApplication.aspx?id=307113
- council_reference: 1030/21DA
  description: Single Storey, five bedroom, 2 1/2 bathroom residential dwelling
  date_received: '2021-05-13'
  address: 214 BRAFORD DRIVE, BONVILLE NSW 2450
  date_scraped: '2019-05-15'
  info_url: https://chcc-icon.saas.t1cloud.com/public/Pages/xc.Track/SearchApplication.aspx?id=307250
- council_reference: 1031/21DA
  description: SPLIT GABLE PATIO
  date_received: '2021-05-13'
  address: 11 OCEAN LINKS CLOSE, SAFETY BEACH NSW 2456
  date_scraped: '2019-05-15'
  info_url: https://chcc-icon.saas.t1cloud.com/public/Pages/xc.Track/SearchApplication.aspx?id=307253
- council_reference: 1032/21DA
  description: construction of steel shed on concrete slab
  date_received: '2021-05-13'
  address: 282 EAST BANK ROAD, CORAMBA NSW 2450
  date_scraped: '2019-05-15'
  info_url: https://chcc-icon.saas.t1cloud.com/public/Pages/xc.Track/SearchApplication.aspx?id=307328
- council_reference: 1034/21DA
  description: Construction of a  2 story home with single garage and carport.
  date_received: '2021-05-14'
  address: 66 A PACIFIC STREET, CORINDI BEACH NSW 2456
  date_scraped: '2019-05-15'
  info_url: https://chcc-icon.saas.t1cloud.com/public/Pages/xc.Track/SearchApplication.aspx?id=307378
- council_reference: 1035/21DA
  description: Dwelling addition & alterations
  date_received: '2021-05-14'
  address: 13 TIMBERTOPS DRIVE, COFFS HARBOUR NSW 2450
  date_scraped: '2019-05-15'
  info_url: https://chcc-icon.saas.t1cloud.com/public/Pages/xc.Track/SearchApplication.aspx?id=307398
- council_reference: 1036/21DA
  description: Swimming Pool and decking
  date_received: '2021-05-14'
  address: 39 RIPPINGALES ROAD, KORORA NSW 2450
  date_scraped: '2019-05-15'
  info_url: https://chcc-icon.saas.t1cloud.com/public/Pages/xc.Track/SearchApplication.aspx?id=307420
- council_reference: 1037/21DA
  description: Deck
  date_received: '2021-05-14'
  address: 16 SAND STREET, NORTH BOAMBEE VALLEY NSW 2450
  date_scraped: '2019-05-15'
  info_url: https://chcc-icon.saas.t1cloud.com/public/Pages/xc.Track/SearchApplication.aspx?id=307424
- council_reference: 1038/21DA
  description: Carport
  date_received: '2021-05-14'
  address: 147 BERYL STREET, COFFS HARBOUR NSW 2450
  date_scraped: '2019-05-15'
  info_url: https://chcc-icon.saas.t1cloud.com/public/Pages/xc.Track/SearchApplication.aspx?id=307427
- council_reference: 1039/21DA
  description: Construction of single storey dwelling
  date_received: '2021-05-14'
  address: 2 TREVALLY STREET, KORORA NSW 2450
  date_scraped: '2019-05-15'
  info_url: https://chcc-icon.saas.t1cloud.com/public/Pages/xc.Track/SearchApplication.aspx?id=307450
