---
- council_reference: 2019/193/2
  description: Section 4.55(1) modification application to amend minor errors and
    misidentification on plans.
  date_received: '2021-05-04'
  address: 74 Marlborough RD, HOMEBUSH WEST NSW 2140
  date_scraped: '2019-05-15'
  info_url: http://daenquiry.strathfield.nsw.gov.au/Pages/XC.Track/SearchApplication.aspx?id=20191932
- council_reference: 2019/193/2
  description: Section 4.55(1) modification application to amend minor errors and
    misidentification on plans.
  date_received: '2021-05-04'
  address: 74 Marlborough RD, HOMEBUSH WEST NSW 2140
  date_scraped: '2019-05-15'
  info_url: http://daenquiry.strathfield.nsw.gov.au/Pages/XC.Track/SearchApplication.aspx?id=20191932
- council_reference: 2019/193/2
  description: Section 4.55(1) modification application to amend minor errors and
    misidentification on plans.
  date_received: '2021-05-04'
  address: 74 Marlborough RD, HOMEBUSH WEST NSW 2140
  date_scraped: '2019-05-15'
  info_url: http://daenquiry.strathfield.nsw.gov.au/Pages/XC.Track/SearchApplication.aspx?id=20191932
- council_reference: 2019/200/2
  description: Section 4.55(1A) Modification Application for alterations to the roof
    design, demolition of existing internal storage and changed alignment of the external
    wall of the rear verandah.
  date_received: '2021-04-22'
  address: 10 Coleman AVE, HOMEBUSH NSW 2140
  date_scraped: '2019-05-15'
  info_url: http://daenquiry.strathfield.nsw.gov.au/Pages/XC.Track/SearchApplication.aspx?id=20192002
- council_reference: 2019/33/4
  description: |-
    Section 4.55(1A) Modification Application for internal and external reconfiguration and changes to the fa√ßade of an approved dwelling house, removal of the approved secondary dwelling and addition of a cabana & swimming pool.

    Original Approval- Demolition of existing dwelling and construction of a new two (2) storey  dwelling with
  date_received: '2021-04-27'
  address: 24 Oxford RD, STRATHFIELD NSW 2135
  date_scraped: '2019-05-15'
  info_url: http://daenquiry.strathfield.nsw.gov.au/Pages/XC.Track/SearchApplication.aspx?id=2019334
- council_reference: 2020/1/2
  description: Section 4.55 (2) Modification Application for internal and external
    alterations to approved dwelling house including the reconfiguration of first
    floor, roof alterations, and changes to external materials.
  date_received: '2021-05-17'
  address: 31 Rickard RD, STRATHFIELD NSW 2135
  date_scraped: '2019-05-15'
  info_url: http://daenquiry.strathfield.nsw.gov.au/Pages/XC.Track/SearchApplication.aspx?id=202012
- council_reference: 2021/100/1
  description: Strata subdivision of the approved residential flat building.
  date_received: '2021-05-03'
  address: 3 Hampstead RD, HOMEBUSH WEST NSW 2140
  date_scraped: '2019-05-15'
  info_url: http://daenquiry.strathfield.nsw.gov.au/Pages/XC.Track/SearchApplication.aspx?id=20211001
- council_reference: 2021/101/1
  description: Section 4.55 (2) application to modify the Certificate of Consent issued
    on 28 September 1972 to include the receipt, storage and use of recycled glass
    sand and slag materials in the asphalt mix produced on site.
  date_received: '2021-04-29'
  address: 1 Norfolk RD, GREENACRE NSW 2190
  date_scraped: '2019-05-15'
  info_url: http://daenquiry.strathfield.nsw.gov.au/Pages/XC.Track/SearchApplication.aspx?id=20211011
- council_reference: 2021/102/1
  description: REMOVAL OF 5 CYPRESS PINE TREES
  date_received: '2021-05-05'
  address: 36 Chiswick ST, STRATHFIELD SOUTH NSW 2136
  date_scraped: '2019-05-15'
  info_url: http://daenquiry.strathfield.nsw.gov.au/Pages/XC.Track/SearchApplication.aspx?id=20211021
- council_reference: 2021/104/1
  description: We want to store and sell/distribute alcoholic drink within the premis
    es to licence holders and online delivery to retail customers. No cons umption
    onsite. Only storage. Monday to Friday only.
  date_received: '2021-05-19'
  address: 81 Roberts RD, GREENACRE NSW 2190
  date_scraped: '2019-05-15'
  info_url: http://daenquiry.strathfield.nsw.gov.au/Pages/XC.Track/SearchApplication.aspx?id=20211041
- council_reference: 2021/105/1
  description: Demolition of an existing dwelling house and construction of a two
    (2) storey dwelling house with basement level, swimming pool, outbuilding, front
    fence and associated landscaping works.
  date_received: '2021-05-07'
  address: 6 Agnes ST, STRATHFIELD NSW 2135
  date_scraped: '2019-05-15'
  info_url: http://daenquiry.strathfield.nsw.gov.au/Pages/XC.Track/SearchApplication.aspx?id=20211051
- council_reference: 2021/109/1
  description: Proposed restaurant & fit-out out works to existing shop
  date_received: '2021-05-17'
  address: 72 Parramatta RD, HOMEBUSH NSW 2140
  date_scraped: '2019-05-15'
  info_url: http://daenquiry.strathfield.nsw.gov.au/Pages/XC.Track/SearchApplication.aspx?id=20211091
- council_reference: 2021/113/1
  description: Tree removal
  date_received: '2021-05-18'
  address: 1 Margaret ST, STRATHFIELD NSW 2135
  date_scraped: '2019-05-15'
  info_url: http://daenquiry.strathfield.nsw.gov.au/Pages/XC.Track/SearchApplication.aspx?id=20211131
- council_reference: 2021/65/1
  description: Demolition of existing structures and construction of two (2) storey
    dwelling house with basement level, in-ground swimming pool, outbuilding, front
    fencing and associated landscaping works.
  date_received: '2021-04-22'
  address: 21 Highgate ST, STRATHFIELD NSW 2135
  date_scraped: '2019-05-15'
  info_url: http://daenquiry.strathfield.nsw.gov.au/Pages/XC.Track/SearchApplication.aspx?id=2021651
- council_reference: 2021/66/1
  description: Demolition of existing structures and construction of two (2) storey
    dwelling house with basement level, in-ground swimming pool, outbuilding, front
    fencing and associated landscaping works.
  date_received: '2021-04-23'
  address: 31 Augusta ST, STRATHFIELD NSW 2135
  date_scraped: '2019-05-15'
  info_url: http://daenquiry.strathfield.nsw.gov.au/Pages/XC.Track/SearchApplication.aspx?id=2021661
- council_reference: 2021/68/1
  description: Tree Removal.
  date_received: '2021-04-23'
  address: 485 Liverpool RD, STRATHFIELD NSW 2135
  date_scraped: '2019-05-15'
  info_url: http://daenquiry.strathfield.nsw.gov.au/Pages/XC.Track/SearchApplication.aspx?id=2021681
- council_reference: 2021/70/1
  description: Demolition of existing structures and construction of a dual occupancy
    dwelling over basement parking with in-ground swimming pools and associated landscaping,
    and Torrens Title subdivision.
  date_received: '2021-04-27'
  address: 12 Wentworth ST, GREENACRE NSW 2190
  date_scraped: '2019-05-15'
  info_url: http://daenquiry.strathfield.nsw.gov.au/Pages/XC.Track/SearchApplication.aspx?id=2021701
- council_reference: 2021/75/1
  description: Construction of a mezzanine floor to the existing base warehouse building.
  date_received: '2021-05-04'
  address: 50 Cosgrove RD, STRATHFIELD SOUTH NSW 2136
  date_scraped: '2019-05-15'
  info_url: http://daenquiry.strathfield.nsw.gov.au/Pages/XC.Track/SearchApplication.aspx?id=2021751
- council_reference: 2021/77/1
  description: Demolition of existing structures and construction of a new two (2)
    storey dwelling house with basement level, in-ground swimming pool and associated
    landscaping works.
  date_received: '2021-04-26'
  address: 5 Torrington RD, STRATHFIELD NSW 2135
  date_scraped: '2019-05-15'
  info_url: http://daenquiry.strathfield.nsw.gov.au/Pages/XC.Track/SearchApplication.aspx?id=2021771
- council_reference: 2021/79/1
  description: Tree Removal.
  date_received: '2021-04-22'
  address: 14 Victory AVE, BELFIELD NSW 2191
  date_scraped: '2019-05-15'
  info_url: http://daenquiry.strathfield.nsw.gov.au/Pages/XC.Track/SearchApplication.aspx?id=2021791
- council_reference: 2021/80/1
  description: Tree Removal
  date_received: '2021-04-27'
  address: 8 Arthur ST, STRATHFIELD NSW 2135
  date_scraped: '2019-05-15'
  info_url: http://daenquiry.strathfield.nsw.gov.au/Pages/XC.Track/SearchApplication.aspx?id=2021801
- council_reference: 2021/83/1
  description: Tree Removal
  date_received: '2021-05-06'
  address: 38 Tavistock RD, HOMEBUSH WEST NSW 2140
  date_scraped: '2019-05-15'
  info_url: http://daenquiry.strathfield.nsw.gov.au/Pages/XC.Track/SearchApplication.aspx?id=2021831
- council_reference: 2021/85/1
  description: Proposed first use of  four (4) Warehouse / distribution centres and
    change of hours to allow for 24/7 operations.
  date_received: '2021-05-03'
  address: 201 Parramatta RD, HOMEBUSH WEST NSW 2140
  date_scraped: '2019-05-15'
  info_url: http://daenquiry.strathfield.nsw.gov.au/Pages/XC.Track/SearchApplication.aspx?id=2021851
- council_reference: 2021/87/1
  description: Demolition of existing structures and construction of a two (2) storey
    dwelling house with basement, swimming pool, outbuilding, front fence and associated
    landscaping works.
  date_received: '2021-05-03'
  address: 15 Coventry RD, STRATHFIELD NSW 2135
  date_scraped: '2019-05-15'
  info_url: http://daenquiry.strathfield.nsw.gov.au/Pages/XC.Track/SearchApplication.aspx?id=2021871
- council_reference: 2021/89/1
  description: Demolition of existing structures and construction of a two (2) storey
    dwelling house with basement level, in-ground swimming pool and associated landscaping
    works.
  date_received: '2021-04-23'
  address: 3 Wakeford RD, STRATHFIELD NSW 2135
  date_scraped: '2019-05-15'
  info_url: http://daenquiry.strathfield.nsw.gov.au/Pages/XC.Track/SearchApplication.aspx?id=2021891
- council_reference: 2021/90/1
  description: Demolition of existing structures and construction of a dwelling house
    with basement, in-ground swimming pool, deck, outbuilding containing bathroom
    and sauna, front fencing and associated landscaping works.
  date_received: '2021-05-10'
  address: 21 Ravenna ST, STRATHFIELD NSW 2135
  date_scraped: '2019-05-15'
  info_url: http://daenquiry.strathfield.nsw.gov.au/Pages/XC.Track/SearchApplication.aspx?id=2021901
- council_reference: 2021/93/1
  description: Tree Removal - Narrow Leaf Peppermint Gum
  date_received: '2021-05-05'
  address: 12 Howard ST, STRATHFIELD NSW 2135
  date_scraped: '2019-05-15'
  info_url: http://daenquiry.strathfield.nsw.gov.au/Pages/XC.Track/SearchApplication.aspx?id=2021931
- council_reference: 2021/94/1
  description: Tree Removal
  date_received: '2021-05-04'
  address: 9 Rickard RD, STRATHFIELD NSW 2135
  date_scraped: '2019-05-15'
  info_url: http://daenquiry.strathfield.nsw.gov.au/Pages/XC.Track/SearchApplication.aspx?id=2021941
- council_reference: 2021/95/1
  description: Tree Removal
  date_received: '2021-05-14'
  address: 485 Liverpool RD, STRATHFIELD NSW 2135
  date_scraped: '2019-05-15'
  info_url: http://daenquiry.strathfield.nsw.gov.au/Pages/XC.Track/SearchApplication.aspx?id=2021951
- council_reference: 2021/98/1
  description: Demolition of existing structures and construction of a two (2) storey
    dwelling house with basement, cabana, in-ground swimming pool, front fence and
    associated landscaping works.
  date_received: '2021-05-05'
  address: 13 Gregory ST, STRATHFIELD SOUTH NSW 2136
  date_scraped: '2019-05-15'
  info_url: http://daenquiry.strathfield.nsw.gov.au/Pages/XC.Track/SearchApplication.aspx?id=2021981
